// Jest Snapshot v1, https://goo.gl/fbAQLP

exports[`renders correctly 1`] = `
.c0 {
  background: rgba(0,0,0,0.1);
  border-radius: 6px;
  display: -webkit-box;
  display: -webkit-flex;
  display: -ms-flexbox;
  display: flex;
  list-style: none;
  margin: 0;
  padding: 0 1em;
}

<ul
  className="c0"
>
  <li>
    item
  </li>
</ul>
`;
