// Jest Snapshot v1, https://goo.gl/fbAQLP

exports[`renders correctly 1`] = `
.c0 {
  background: none;
  border-radius: 6px;
  border: 1px solid;
  color: black;
  cursor: pointer;
  font-family: sans-serif;
  font-weight: 700;
  font-size: 100%;
  line-height: 1.5;
  -webkit-text-decoration: underline;
  text-decoration: underline;
  margin: 0;
  padding: calc(0.75em - 1px) 1.25em;
}

.c0:focus,
.c0:hover {
  background: rgba(0,0,0,0.1);
}

.c0:active {
  background: rgba(0,0,0,0.2);
}

<button
  className="c0"
>
  Press me
</button>
`;
